C251 COMPILER V5.60.0,  servoPID                                                           14/11/22  15:46:35  PAGE 1   


C251 COMPILER V5.60.0, COMPILATION OF MODULE servoPID
OBJECT MODULE PLACED IN .\Out_File\servoPID.obj
COMPILER INVOKED BY: C:\Keil_v5\C251\BIN\C251.EXE ..\CODE\servoPID.c XSMALL INTR2 WARNINGLEVEL(3) BROWSE INCDIR(..\..\Li
                    -braries\libraries;..\..\Libraries\seekfree_libraries;..\..\Libraries\seekfree_peripheral;..\CODE;..\USER\inc;..\USER\src
                    -) DEBUG PRINT(.\Out_File\servoPID.lst) TABS(2) OBJECT(.\Out_File\servoPID.obj) 

stmt  level    source

    1          #include "headfile.h"
    2          #include "user.h"
    3          
    4          struct servo{
    5            float Kp, Kd; //位置式PD参数
    6            int16 u; //输出量
    7            int16 ek, ek1; //当次误差&历史误差
    8            int16 real_pos; //实际位置偏差
    9            int16 set_pos; //期望位置偏差
   10            int32 duty; //舵机占空比
   11          }ser;
   12          
   13          void servoPID_init(void)
   14          {
   15   1        pit_timer_ms(TIM_4, 5); //定时器初始化，周期5ms
   16   1        
   17   1        pwm_init(SERVO_PIN, 50, SERVO_CENTER); //舵机PWM初始化并居中
   18   1        
   19   1        ser.set_pos = 0; //期望位置偏差为0，即严格按照赛道中线行驶
   20   1        
   21   1        //设置PD系数
   22   1        ser.Kp = SER_KP; //proportional
   23   1        ser.Kd = SER_KD; //derivative
   24   1        
   25   1        ser.ek = 0; //ek赋初值
   26   1      }
   27          
   28          void servoPID(int16 pos)
   29          {
   30   1        ser.real_pos = pos; //读取电感传感器返回的转角参考值
   31   1      
   32   1        ser.ek1 = ser.ek; //更新历史误差
   33   1        ser.ek = ser.set_pos - ser.real_pos; //计算error term
   34   1      
   35   1        ser.u = (int16) (ser.Kp * ser.ek + ser.Kd * (ser.ek - ser.ek1)); //计算输出占空比
   36   1        ser.u = limit(ser.u, SERVO_LIMIT); //输出限幅
   37   1      
   38   1        ser.duty = (int32) ser.u; //输出舵机占空比
   39   1        pwm_duty(SERVO_PIN, SERVO_CENTER + ser.duty); //执行
   40   1      }


Module Information          Static   Overlayable
------------------------------------------------
  code size            =       180     ------
  ecode size           =    ------     ------
  data size            =    ------     ------
  idata size           =    ------     ------
  pdata size           =    ------     ------
  xdata size           =    ------     ------
  xdata-const size     =    ------     ------
  edata size           =        22     ------
  bit size             =    ------     ------
  ebit size            =    ------     ------
  bitaddressable size  =    ------     ------
  ebitaddressable size =    ------     ------
  far data size        =    ------     ------
  huge data size       =    ------     ------
C251 COMPILER V5.60.0,  servoPID                                                           14/11/22  15:46:35  PAGE 2   

  const size           =    ------     ------
  hconst size          =    ------     ------
End of Module Information.


C251 COMPILATION COMPLETE.  0 WARNING(S),  0 ERROR(S)
